cargo :     Checking serde_core v1.0.228
At line:1 char:161
+ ... ess') } } ; cargo check --target 
wasm32-unknown-unknown --message-for ...
+                 
~~~~~~~~~~~~~~~~~~~~~~~~~~~~~~~~~~~~~~~~~~~~~~~~~~~~~~~~~
    + CategoryInfo          : NotSpecified: (    
Checking s    erde_core v1.0.228:String) [], 
RemoteException
    + FullyQualifiedErrorId : NativeCommandError
 
    Checking itertools v0.12.1
    Checking digest v0.10.7
    Checking zerocopy v0.8.48
    Checking chrono v0.4.44
    Checking memchr v2.8.0
    Checking http v1.4.0
    Checking sha3 v0.10.8
    Checking spacetimedb-primitives v2.1.0
    Checking spacetimedb-bindings-sys v2.1.0
    Checking serde v1.0.228
    Checking serde_json v1.0.149
    Checking ethnum v1.5.2
    Checking spacetimedb-sats v2.1.0
    Checking ppv-lite86 v0.2.21
    Checking rand_chacha v0.3.1
    Checking rand v0.8.5
    Checking spacetimedb-lib v2.1.0
    Checking spacetimedb-query-builder v2.1.0
    Checking spacetimedb v2.1.0
    Checking warroom v0.1.0 (E:\SpaceTime Db)
src\lib.rs:446:29: error[E0432]: unresolved imports 
`spacetimedb::http::RequestBuilder`, 
`spacetimedb::http::Method`: no `RequestBuilder` in 
`http`, no `Method` in `http`
src\lib.rs:648:29: error[E0432]: unresolved imports 
`spacetimedb::http::RequestBuilder`, 
`spacetimedb::http::Method`: no `RequestBuilder` in 
`http`, no `Method` in `http`
src\lib.rs:846:29: error[E0432]: unresolved imports 
`spacetimedb::http::RequestBuilder`, 
`spacetimedb::http::Method`: no `RequestBuilder` in 
`http`, no `Method` in `http`
src\lib.rs:8:35: warning: unused import: `procedure`
src\lib.rs:131:46: error[E0593]: function is expected to 
take 2 arguments, but it takes 1 argument: expected 
function that takes 2 arguments
src\lib.rs:140:51: error[E0593]: function is expected to 
take 2 arguments, but it takes 1 argument: expected 
function that takes 2 arguments
src\lib.rs:149:47: error[E0593]: function is expected to 
take 2 arguments, but it takes 1 argument: expected 
function that takes 2 arguments
src\lib.rs:251:43: error[E0277]: the trait bound `&str: 
Borrow<std::string::String>` is not satisfied: the trait 
`Borrow<std::string::String>` is not implemented for 
`&str`
src\lib.rs:405:19: error[E0277]: the trait bound `&str: 
Borrow<std::string::String>` is not satisfied: the trait 
`Borrow<std::string::String>` is not implemented for 
`&str`
src\lib.rs:418:55: error[E0277]: the trait bound `&str: 
Borrow<std::string::String>` is not satisfied: the trait 
`Borrow<std::string::String>` is not implemented for 
`&str`
src\lib.rs:426:59: error[E0308]: mismatched types: 
expected `AgentMessage`, found `&AgentMessage`
src\lib.rs:449:45: error[E0599]: no method named `fetch` 
found for struct `HttpClient` in the current scope: 
method not found in `HttpClient`
src\lib.rs:456:21: error[E0282]: type annotations 
needed: cannot infer type
src\lib.rs:486:37: error[E0599]: no method named `fetch` 
found for struct `HttpClient` in the current scope: 
method not found in `HttpClient`
src\lib.rs:492:21: error[E0282]: type annotations 
needed: cannot infer type
src\lib.rs:537:34: error[E0599]: no method named `fetch` 
found for struct `HttpClient` in the current scope: 
method not found in `HttpClient`
src\lib.rs:578:64: error[E0277]: the trait bound `&str: 
Borrow<std::string::String>` is not satisfied: the trait 
`Borrow<std::string::String>` is not implemented for 
`&str`
src\lib.rs:585:49: error[E0277]: the trait bound `&str: 
Borrow<std::string::String>` is not satisfied: the trait 
`Borrow<std::string::String>` is not implemented for 
`&str`
src\lib.rs:612:19: error[E0277]: the trait bound `&str: 
Borrow<std::string::String>` is not satisfied: the trait 
`Borrow<std::string::String>` is not implemented for 
`&str`
src\lib.rs:623:55: error[E0277]: the trait bound `&str: 
Borrow<std::string::String>` is not satisfied: the trait 
`Borrow<std::string::String>` is not implemented for 
`&str`
src\lib.rs:629:59: error[E0308]: mismatched types: 
expected `AgentMessage`, found `&AgentMessage`
src\lib.rs:651:45: error[E0599]: no method named `fetch` 
found for struct `HttpClient` in the current scope: 
method not found in `HttpClient`
src\lib.rs:658:21: error[E0282]: type annotations 
needed: cannot infer type
src\lib.rs:688:37: error[E0599]: no method named `fetch` 
found for struct `HttpClient` in the current scope: 
method not found in `HttpClient`
src\lib.rs:694:21: error[E0282]: type annotations 
needed: cannot infer type
src\lib.rs:738:34: error[E0599]: no method named `fetch` 
found for struct `HttpClient` in the current scope: 
method not found in `HttpClient`
src\lib.rs:776:64: error[E0277]: the trait bound `&str: 
Borrow<std::string::String>` is not satisfied: the trait 
`Borrow<std::string::String>` is not implemented for 
`&str`
src\lib.rs:783:49: error[E0277]: the trait bound `&str: 
Borrow<std::string::String>` is not satisfied: the trait 
`Borrow<std::string::String>` is not implemented for 
`&str`
src\lib.rs:810:19: error[E0277]: the trait bound `&str: 
Borrow<std::string::String>` is not satisfied: the trait 
`Borrow<std::string::String>` is not implemented for 
`&str`
src\lib.rs:821:55: error[E0277]: the trait bound `&str: 
Borrow<std::string::String>` is not satisfied: the trait 
`Borrow<std::string::String>` is not implemented for 
`&str`
src\lib.rs:827:59: error[E0308]: mismatched types: 
expected `AgentMessage`, found `&AgentMessage`
src\lib.rs:849:45: error[E0599]: no method named `fetch` 
found for struct `HttpClient` in the current scope: 
method not found in `HttpClient`
src\lib.rs:856:21: error[E0282]: type annotations 
needed: cannot infer type
src\lib.rs:888:37: error[E0599]: no method named `fetch` 
found for struct `HttpClient` in the current scope: 
method not found in `HttpClient`
src\lib.rs:894:21: error[E0282]: type annotations 
needed: cannot infer type
src\lib.rs:941:34: error[E0599]: no method named `fetch` 
found for struct `HttpClient` in the current scope: 
method not found in `HttpClient`
src\lib.rs:982:64: error[E0277]: the trait bound `&str: 
Borrow<std::string::String>` is not satisfied: the trait 
`Borrow<std::string::String>` is not implemented for 
`&str`
src\lib.rs:989:49: error[E0277]: the trait bound `&str: 
Borrow<std::string::String>` is not satisfied: the trait 
`Borrow<std::string::String>` is not implemented for 
`&str`
warning: `warroom` (lib) generated 1 warning
error: could not compile `warroom` (lib) due to 37 
previous errors; 1 warning emitted
